// Jest Snapshot v1, https://goo.gl/fbAQLP

exports[`Geo Component should render with valid data 1`] = `
<div
  class="geo"
>
  <div
    class="geo__location"
  >
    Stakhanov
  </div>
  <div
    class="geo__date"
  >
    Sun, November 07
  </div>
</div>
`;
